2026-06-02 16:41:34 [INFO]: 🚀 Syntax API running on port 5000 [development]
2026-06-02 16:41:34 [INFO]:    Health: http://localhost:5000/health
2026-06-02 16:42:04 [ERROR]: MongoDB connection failed: connect ECONNREFUSED ::1:27017, connect ECONNREFUSED 127.0.0.1:27017
2026-06-02 18:18:16 [INFO]: 🚀 Syntax API running on port 5000 [development]
2026-06-02 18:18:16 [INFO]:    Health: http://localhost:5000/health
2026-06-02 18:18:16 [INFO]: MongoDB connected: localhost
2026-06-02 18:19:07 [INFO]: [GET] /health 200 17.893 ms
2026-06-02 18:19:08 [INFO]: [GET] /favicon.ico 404 3.966 ms
2026-06-02 18:26:02 [INFO]: [POST] /api/v1/auth/register 201 675.009 ms
2026-06-02 18:26:03 [INFO]: [GET] /api/v1/history/recent 200 133.817 ms
2026-06-02 18:26:03 [INFO]: [GET] /api/v1/history/recent 304 20.402 ms
2026-06-02 18:27:12 [INFO]: [POST] /api/v1/analysis/submit 202 172.479 ms
2026-06-02 18:27:12 [INFO]: Analysis 6a1ed32853eb6fe7e6a900ba completed in 539ms
2026-06-02 18:27:14 [INFO]: [GET] /api/v1/analysis/6a1ed32853eb6fe7e6a900ba/status 200 19.049 ms
2026-06-02 18:27:14 [INFO]: [GET] /api/v1/analysis/6a1ed32853eb6fe7e6a900ba 200 22.864 ms
2026-06-02 18:28:15 [INFO]: [GET] /api/v1/reports 200 75.544 ms
2026-06-02 18:28:15 [INFO]: [GET] /api/v1/reports 304 12.729 ms
2026-06-02 18:28:27 [INFO]: [GET] /api/v1/insights 200 37.129 ms
2026-06-02 18:28:27 [INFO]: [GET] /api/v1/insights 304 10.131 ms
2026-06-02 18:28:41 [INFO]: [GET] /api/v1/reports 304 21.225 ms
2026-06-02 18:28:41 [INFO]: [GET] /api/v1/reports 304 13.221 ms
2026-06-02 18:28:42 [INFO]: [GET] /api/v1/insights 304 8.553 ms
2026-06-02 18:28:42 [INFO]: [GET] /api/v1/insights 304 10.278 ms
2026-06-02 18:29:22 [INFO]: [GET] /api/v1/history/recent 200 14.400 ms
2026-06-02 18:29:22 [INFO]: [GET] /api/v1/history/recent 304 9.988 ms
2026-06-02 18:29:23 [INFO]: [GET] /api/v1/history?page=1&limit=10 200 33.738 ms
2026-06-02 18:29:23 [INFO]: [GET] /api/v1/history?page=1&limit=10 304 32.090 ms
2026-06-02 18:29:25 [INFO]: [GET] /api/v1/history/recent 304 29.205 ms
2026-06-02 18:29:25 [INFO]: [GET] /api/v1/history/recent 304 21.952 ms
2026-06-02 18:29:37 [INFO]: [POST] /api/v1/analysis/submit 202 65.301 ms
2026-06-02 18:29:37 [INFO]: Analysis 6a1ed3b953eb6fe7e6a9010c completed in 157ms
2026-06-02 18:29:39 [INFO]: [GET] /api/v1/analysis/6a1ed3b953eb6fe7e6a9010c/status 200 6.623 ms
2026-06-02 18:29:39 [INFO]: [GET] /api/v1/analysis/6a1ed3b953eb6fe7e6a9010c 200 7.765 ms
2026-06-02 18:30:05 [INFO]: [GET] /api/v1/history?page=1&limit=10 200 17.239 ms
2026-06-02 18:30:05 [INFO]: [GET] /api/v1/history?page=1&limit=10 304 17.038 ms
2026-06-02 18:30:06 [INFO]: [GET] /api/v1/analysis/6a1ed3b953eb6fe7e6a9010c 304 8.406 ms
2026-06-02 18:30:12 [INFO]: [GET] /api/v1/history?page=1&limit=10 304 20.429 ms
2026-06-02 18:30:12 [INFO]: [GET] /api/v1/history?page=1&limit=10 304 14.210 ms
2026-06-02 18:30:14 [INFO]: [GET] /api/v1/analysis/6a1ed32853eb6fe7e6a900ba 304 10.786 ms
2026-06-02 18:30:27 [INFO]: [GET] /api/v1/reports 304 27.719 ms
2026-06-02 18:30:27 [INFO]: [GET] /api/v1/reports 304 17.265 ms
2026-06-02 18:30:30 [INFO]: [GET] /api/v1/insights 200 10.593 ms
2026-06-02 18:30:30 [INFO]: [GET] /api/v1/insights 304 27.211 ms
2026-06-02 18:30:48 [INFO]: [GET] /api/v1/history/recent 200 9.689 ms
2026-06-02 18:30:48 [INFO]: [GET] /api/v1/history/recent 304 17.949 ms
2026-06-02 18:30:51 [INFO]: [GET] /api/v1/insights 304 11.859 ms
2026-06-02 18:30:51 [INFO]: [GET] /api/v1/insights 304 11.550 ms
2026-06-02 18:31:07 [INFO]: [GET] /api/v1/history/recent 304 11.949 ms
2026-06-02 18:31:07 [INFO]: [GET] /api/v1/history/recent 304 36.518 ms
2026-06-02 18:31:18 [INFO]: [PATCH] /api/v1/users/preferences 200 14.376 ms
2026-06-02 18:31:46 [INFO]: [PATCH] /api/v1/users/profile 200 19.191 ms
2026-06-02 18:31:46 [INFO]: [PATCH] /api/v1/users/profile 200 15.929 ms
2026-06-02 18:31:50 [INFO]: [GET] /api/v1/history/recent 304 18.385 ms
2026-06-02 18:31:50 [INFO]: [GET] /api/v1/history/recent 304 19.291 ms
2026-06-02 18:32:02 [INFO]: [GET] /api/v1/history?page=1&limit=10 304 15.714 ms
2026-06-02 18:32:02 [INFO]: [GET] /api/v1/history?page=1&limit=10 304 13.932 ms
2026-06-02 18:32:26 [INFO]: [GET] /api/v1/history/recent 304 63.916 ms
2026-06-02 18:32:26 [INFO]: [GET] /api/v1/history/recent 304 28.061 ms
2026-06-02 18:33:47 [INFO]: 🚀 Syntax API running on port 5000 [development]
2026-06-02 18:33:47 [INFO]:    Health: http://localhost:5000/health
2026-06-02 18:33:47 [INFO]: MongoDB connected: localhost
2026-06-02 18:41:46 [INFO]: [POST] /api/v1/auth/register 201 582.297 ms
2026-06-02 18:41:47 [INFO]: [GET] /api/v1/history/recent 200 36.957 ms
2026-06-02 18:41:47 [INFO]: [GET] /api/v1/history/recent 304 12.580 ms
2026-06-02 18:42:16 [INFO]: [POST] /api/v1/analysis/submit 202 34.319 ms
2026-06-02 18:42:16 [INFO]: Analysis 6a1ed6b009ff23a8540fd039 completed in 244ms
2026-06-02 18:42:18 [INFO]: [GET] /api/v1/analysis/6a1ed6b009ff23a8540fd039/status 200 11.500 ms
2026-06-02 18:42:18 [INFO]: [GET] /api/v1/analysis/6a1ed6b009ff23a8540fd039 200 16.182 ms
2026-06-02 18:42:26 [INFO]: [GET] /api/v1/reports 200 81.070 ms
2026-06-02 18:42:26 [INFO]: [GET] /api/v1/reports 304 11.306 ms
2026-06-02 18:42:28 [INFO]: [GET] /api/v1/history?page=1&limit=10 200 42.169 ms
2026-06-02 18:42:28 [INFO]: [GET] /api/v1/history?page=1&limit=10 304 15.215 ms
2026-06-02 18:42:30 [INFO]: [GET] /api/v1/reports 304 33.714 ms
2026-06-02 18:42:30 [INFO]: [GET] /api/v1/reports 304 16.007 ms
2026-06-02 18:42:32 [INFO]: [GET] /api/v1/insights 200 8.520 ms
2026-06-02 18:42:32 [INFO]: [GET] /api/v1/insights 304 8.119 ms
2026-06-02 18:42:34 [INFO]: [GET] /api/v1/insights 304 7.901 ms
2026-06-02 18:42:34 [INFO]: [GET] /api/v1/insights 304 10.616 ms
2026-06-02 18:42:37 [INFO]: [GET] /api/v1/reports 304 17.797 ms
2026-06-02 18:42:37 [INFO]: [GET] /api/v1/reports 304 10.974 ms
2026-06-02 18:43:00 [INFO]: [GET] /api/v1/history?page=1&limit=10 304 28.303 ms
2026-06-02 18:43:00 [INFO]: [GET] /api/v1/history?page=1&limit=10 304 17.293 ms
2026-06-02 18:44:02 [INFO]: [GET] /api/v1/history/recent 200 12.114 ms
2026-06-02 18:44:02 [INFO]: [GET] /api/v1/history/recent 304 22.166 ms
2026-06-02 18:44:31 [INFO]: [GET] /api/v1/history/recent 304 16.618 ms
2026-06-02 18:44:31 [INFO]: [GET] /api/v1/history/recent 304 13.560 ms
2026-06-02 18:45:08 [INFO]: [POST] /api/v1/analysis/submit 202 59.565 ms
2026-06-02 18:45:09 [INFO]: Analysis 6a1ed75c09ff23a8540fd08b completed in 269ms
2026-06-02 18:45:10 [INFO]: [GET] /api/v1/analysis/6a1ed75c09ff23a8540fd08b/status 200 37.941 ms
2026-06-02 18:45:11 [INFO]: [GET] /api/v1/analysis/6a1ed75c09ff23a8540fd08b 200 62.909 ms
2026-06-02 18:45:21 [INFO]: [GET] /api/v1/history?page=1&limit=10 200 121.244 ms
2026-06-02 18:45:21 [INFO]: [GET] /api/v1/history?page=1&limit=10 304 9.924 ms
2026-06-02 18:45:48 [INFO]: [GET] /api/v1/history/recent 200 11.745 ms
2026-06-02 18:45:48 [INFO]: [GET] /api/v1/history/recent 304 14.308 ms
2026-06-02 18:45:55 [INFO]: [POST] /api/v1/analysis/submit 202 10.362 ms
2026-06-02 18:45:55 [INFO]: Analysis 6a1ed78b09ff23a8540fd0b9 completed in 70ms
2026-06-02 18:45:57 [INFO]: [GET] /api/v1/analysis/6a1ed78b09ff23a8540fd0b9/status 200 13.045 ms
2026-06-02 18:45:57 [INFO]: [GET] /api/v1/analysis/6a1ed78b09ff23a8540fd0b9 200 13.896 ms
2026-06-02 18:46:00 [INFO]: [GET] /api/v1/history?page=1&limit=10 200 24.987 ms
2026-06-02 18:46:00 [INFO]: [GET] /api/v1/history?page=1&limit=10 304 10.133 ms
2026-06-02 18:46:34 [INFO]: [GET] /api/v1/history/recent 200 16.089 ms
2026-06-02 18:46:34 [INFO]: [GET] /api/v1/history/recent 304 9.169 ms
2026-06-02 18:46:40 [INFO]: [POST] /api/v1/analysis/submit 202 8.923 ms
2026-06-02 18:46:40 [INFO]: Analysis 6a1ed7b809ff23a8540fd0d7 completed in 43ms
2026-06-02 18:46:42 [INFO]: [GET] /api/v1/analysis/6a1ed7b809ff23a8540fd0d7/status 200 10.900 ms
2026-06-02 18:46:42 [INFO]: [GET] /api/v1/analysis/6a1ed7b809ff23a8540fd0d7 200 11.620 ms
2026-06-02 18:46:45 [INFO]: [GET] /api/v1/history?page=1&limit=10 200 8.598 ms
2026-06-02 18:46:46 [INFO]: [GET] /api/v1/history?page=1&limit=10 304 13.647 ms
2026-06-02 18:46:54 [INFO]: [GET] /api/v1/reports 304 23.404 ms
2026-06-02 18:46:54 [INFO]: [GET] /api/v1/reports 304 15.768 ms
2026-06-02 18:46:56 [INFO]: [GET] /api/v1/history?page=1&limit=10 304 13.008 ms
2026-06-02 18:46:56 [INFO]: [GET] /api/v1/history?page=1&limit=10 304 12.940 ms
2026-06-02 18:47:08 [INFO]: [GET] /api/v1/insights 200 12.681 ms
2026-06-02 18:47:08 [INFO]: [GET] /api/v1/insights 304 9.303 ms
2026-06-02 18:47:41 [INFO]: [PATCH] /api/v1/users/profile 200 35.942 ms
2026-06-03 13:47:56 [INFO]: 🚀 Syntax API running on port 5000 [development]
2026-06-03 13:47:56 [INFO]:    Health: http://localhost:5000/health
2026-06-03 13:47:57 [INFO]: MongoDB connected: localhost
2026-06-03 13:48:17 [INFO]: [GET] /health 200 63.615 ms
2026-06-03 13:48:18 [INFO]: [GET] /favicon.ico 404 7.848 ms
2026-06-03 13:53:11 [INFO]: [GET] /api/v1/history/recent 304 658.144 ms
2026-06-03 13:53:12 [INFO]: [GET] /api/v1/history/recent 304 18.217 ms
2026-06-03 13:55:04 [INFO]: [POST] /api/v1/analysis/submit 202 247.618 ms
2026-06-03 13:55:05 [INFO]: Analysis 6a1fe4e08e73c4f0456e2cd6 completed in 990ms
2026-06-03 13:55:06 [INFO]: [GET] /api/v1/analysis/6a1fe4e08e73c4f0456e2cd6/status 200 40.352 ms
2026-06-03 13:55:06 [INFO]: [GET] /api/v1/analysis/6a1fe4e08e73c4f0456e2cd6 200 54.707 ms
2026-06-03 13:55:21 [INFO]: [GET] /api/v1/history?page=1&limit=10 200 118.441 ms
2026-06-03 13:55:21 [INFO]: [GET] /api/v1/history?page=1&limit=10 304 36.973 ms
2026-06-03 13:55:30 [INFO]: [GET] /api/v1/reports 304 114.946 ms
2026-06-03 13:55:30 [INFO]: [GET] /api/v1/reports 304 23.573 ms
2026-06-03 13:56:05 [INFO]: [GET] /api/v1/insights 200 122.892 ms
2026-06-03 13:56:05 [INFO]: [GET] /api/v1/insights 304 156.765 ms
2026-06-03 14:09:39 [INFO]: [GET] /api/v1/reports 304 175.440 ms
2026-06-03 14:09:39 [INFO]: [GET] /api/v1/reports 304 11.357 ms
2026-06-03 14:09:41 [INFO]: [GET] /api/v1/history?page=1&limit=10 304 28.398 ms
2026-06-03 14:09:41 [INFO]: [GET] /api/v1/history?page=1&limit=10 304 14.806 ms
2026-06-03 14:09:43 [INFO]: [GET] /api/v1/analysis/6a1fe4e08e73c4f0456e2cd6 304 39.542 ms
2026-06-03 14:09:51 [INFO]: [GET] /api/v1/reports 304 17.330 ms
2026-06-03 14:09:51 [INFO]: [GET] /api/v1/reports 304 18.422 ms
2026-06-03 14:09:54 [INFO]: [GET] /api/v1/history/recent 200 9.457 ms
2026-06-03 14:09:54 [INFO]: [GET] /api/v1/history/recent 304 8.335 ms
2026-06-03 14:09:56 [INFO]: [GET] /api/v1/history?page=1&limit=10 304 12.752 ms
2026-06-03 14:09:56 [INFO]: [GET] /api/v1/history?page=1&limit=10 304 15.717 ms
2026-06-03 14:09:59 [INFO]: [GET] /api/v1/history/recent 304 8.721 ms
2026-06-03 14:09:59 [INFO]: [GET] /api/v1/history/recent 304 9.407 ms
2026-06-03 14:10:03 [INFO]: [GET] /api/v1/analysis/6a1fe4e08e73c4f0456e2cd6 304 13.249 ms
2026-06-03 14:10:16 [INFO]: [GET] /api/v1/insights 304 19.924 ms
2026-06-03 14:10:16 [INFO]: [GET] /api/v1/insights 304 10.206 ms
2026-06-03 14:10:17 [INFO]: [GET] /api/v1/history?page=1&limit=10 304 18.908 ms
2026-06-03 14:10:17 [INFO]: [GET] /api/v1/history?page=1&limit=10 304 13.374 ms
2026-06-03 14:10:25 [INFO]: [GET] /api/v1/reports 304 11.304 ms
2026-06-03 14:10:25 [INFO]: [GET] /api/v1/reports 304 20.014 ms
2026-06-03 14:10:30 [INFO]: [GET] /api/v1/history?page=1&limit=10 304 10.196 ms
2026-06-03 14:10:30 [INFO]: [GET] /api/v1/history?page=1&limit=10 304 16.306 ms
2026-06-03 14:10:31 [INFO]: [GET] /api/v1/reports 304 21.783 ms
2026-06-03 14:10:31 [INFO]: [GET] /api/v1/reports 304 14.821 ms
2026-06-03 14:11:14 [INFO]: [GET] /api/v1/history/recent 304 35.002 ms
2026-06-03 14:11:14 [INFO]: [GET] /api/v1/history/recent 304 22.579 ms
2026-06-03 14:11:20 [INFO]: [POST] /api/v1/analysis/submit 202 45.933 ms
2026-06-03 14:11:20 [INFO]: Analysis 6a1fe8b08e73c4f0456e2d80 completed in 315ms
2026-06-03 14:11:22 [INFO]: [GET] /api/v1/analysis/6a1fe8b08e73c4f0456e2d80/status 200 12.062 ms
2026-06-03 14:11:22 [INFO]: [GET] /api/v1/analysis/6a1fe8b08e73c4f0456e2d80 200 11.714 ms
2026-06-03 14:11:31 [INFO]: [GET] /api/v1/history?page=1&limit=10 200 16.271 ms
2026-06-03 14:11:31 [INFO]: [GET] /api/v1/history?page=1&limit=10 304 13.423 ms
2026-06-03 14:11:32 [INFO]: [GET] /api/v1/reports 304 8.397 ms
2026-06-03 14:11:32 [INFO]: [GET] /api/v1/reports 304 16.586 ms
2026-06-03 14:11:34 [INFO]: [GET] /api/v1/insights 200 12.145 ms
2026-06-03 14:11:34 [INFO]: [GET] /api/v1/insights 304 8.555 ms
2026-06-03 14:11:38 [INFO]: [GET] /api/v1/history?page=1&limit=10 304 18.828 ms
2026-06-03 14:11:38 [INFO]: [GET] /api/v1/history?page=1&limit=10 304 16.018 ms
2026-06-03 14:16:46 [INFO]: [GET] /api/v1/history/recent 200 119.755 ms
2026-06-03 14:16:46 [INFO]: [GET] /api/v1/history/recent 304 7.765 ms
2026-06-03 14:16:53 [INFO]: [POST] /api/v1/analysis/submit 202 47.183 ms
2026-06-03 14:16:53 [INFO]: Analysis 6a1fe9fd8e73c4f0456e2dc2 completed in 173ms
2026-06-03 14:16:55 [INFO]: [GET] /api/v1/analysis/6a1fe9fd8e73c4f0456e2dc2/status 200 7.159 ms
2026-06-03 14:16:55 [INFO]: [GET] /api/v1/analysis/6a1fe9fd8e73c4f0456e2dc2 200 11.294 ms
2026-06-03 14:17:10 [INFO]: [GET] /api/v1/reports 304 68.988 ms
2026-06-03 14:17:10 [INFO]: [GET] /api/v1/reports 304 11.261 ms
2026-06-03 14:17:13 [INFO]: [GET] /api/v1/reports 304 25.027 ms
2026-06-03 14:17:13 [INFO]: [GET] /api/v1/reports 304 13.101 ms
2026-06-03 14:17:18 [INFO]: [GET] /api/v1/reports 304 12.708 ms
2026-06-03 14:17:18 [INFO]: [GET] /api/v1/reports 304 7.501 ms
2026-06-03 14:17:20 [INFO]: [GET] /api/v1/history?page=1&limit=10 200 25.280 ms
2026-06-03 14:17:20 [INFO]: [GET] /api/v1/history?page=1&limit=10 304 14.742 ms
2026-06-03 14:17:23 [INFO]: [GET] /api/v1/history/recent 200 11.623 ms
2026-06-03 14:17:23 [INFO]: [GET] /api/v1/history/recent 304 8.213 ms
2026-06-03 14:17:29 [INFO]: [GET] /api/v1/analysis/6a1fe9fd8e73c4f0456e2dc2 304 10.041 ms
2026-06-03 14:17:49 [INFO]: [GET] /api/v1/reports 304 11.372 ms
2026-06-03 14:17:49 [INFO]: [GET] /api/v1/reports 304 7.254 ms
2026-06-03 14:17:54 [INFO]: [GET] /api/v1/reports 304 10.379 ms
2026-06-03 14:17:54 [INFO]: [GET] /api/v1/reports 304 6.160 ms
2026-06-03 14:41:19 [INFO]: [GET] /api/v1/history/recent 304 96.210 ms
2026-06-03 14:41:19 [INFO]: [GET] /api/v1/history/recent 304 12.924 ms
2026-06-03 14:41:25 [INFO]: [GET] /api/v1/history?page=1&limit=10 304 79.923 ms
2026-06-03 14:41:25 [INFO]: [GET] /api/v1/history?page=1&limit=10 304 15.180 ms
2026-06-03 14:41:27 [INFO]: [GET] /api/v1/reports 304 19.772 ms
2026-06-03 14:41:27 [INFO]: [GET] /api/v1/reports 304 16.417 ms
2026-06-03 14:41:28 [INFO]: [GET] /api/v1/history/recent 304 13.357 ms
2026-06-03 14:41:28 [INFO]: [GET] /api/v1/history/recent 304 9.754 ms
2026-06-03 14:41:32 [INFO]: [GET] /api/v1/analysis/6a1fe9fd8e73c4f0456e2dc2 304 31.091 ms
2026-06-03 14:41:38 [INFO]: [GET] /api/v1/history/recent 304 14.325 ms
2026-06-03 14:41:38 [INFO]: [GET] /api/v1/history/recent 304 9.811 ms
2026-06-03 14:41:48 [INFO]: [POST] /api/v1/analysis/submit 202 66.088 ms
2026-06-03 14:41:49 [INFO]: Analysis 6a1fefd48e73c4f0456e2e38 completed in 129ms
2026-06-03 14:41:51 [INFO]: [GET] /api/v1/analysis/6a1fefd48e73c4f0456e2e38/status 200 7.857 ms
2026-06-03 14:41:51 [INFO]: [GET] /api/v1/analysis/6a1fefd48e73c4f0456e2e38 200 6.792 ms
2026-06-03 14:41:53 [INFO]: [GET] /api/v1/history?page=1&limit=10 200 9.929 ms
2026-06-03 14:41:53 [INFO]: [GET] /api/v1/history?page=1&limit=10 304 13.262 ms
2026-06-03 14:41:54 [INFO]: [GET] /api/v1/reports 304 13.892 ms
2026-06-03 14:41:54 [INFO]: [GET] /api/v1/reports 304 12.515 ms
2026-06-03 14:41:56 [INFO]: [GET] /api/v1/history/recent 200 10.526 ms
2026-06-03 14:41:56 [INFO]: [GET] /api/v1/history/recent 304 15.628 ms
2026-06-03 14:46:58 [INFO]: [GET] /api/v1/history/recent 304 113.211 ms
2026-06-03 14:46:58 [INFO]: [GET] /api/v1/history/recent 304 6.385 ms
2026-06-03 14:46:59 [INFO]: [GET] /api/v1/history/recent 304 30.868 ms
2026-06-03 14:47:00 [INFO]: [GET] /api/v1/history/recent 304 22.154 ms
2026-06-03 14:47:01 [INFO]: [GET] /api/v1/history/recent 304 12.135 ms
2026-06-03 14:47:01 [INFO]: [GET] /api/v1/history/recent 304 11.964 ms
2026-06-03 14:47:02 [INFO]: [GET] /api/v1/history/recent 304 9.751 ms
2026-06-03 14:47:02 [INFO]: [GET] /api/v1/history/recent 304 10.824 ms
2026-06-03 14:47:02 [INFO]: [GET] /api/v1/history/recent 304 13.425 ms
2026-06-03 14:47:02 [INFO]: [GET] /api/v1/history/recent 304 15.476 ms
2026-06-03 14:47:02 [INFO]: [GET] /api/v1/history/recent 304 13.986 ms
2026-06-03 14:47:02 [INFO]: [GET] /api/v1/history/recent 304 16.999 ms
2026-06-03 14:47:03 [INFO]: [GET] /api/v1/history/recent 304 14.909 ms
2026-06-03 14:47:03 [INFO]: [GET] /api/v1/history/recent 304 6.753 ms
2026-06-03 14:48:16 [INFO]: [GET] /api/v1/history/recent 304 46.213 ms
2026-06-03 14:48:16 [INFO]: [GET] /api/v1/history/recent 304 8.523 ms
2026-06-03 14:48:25 [INFO]: [GET] /api/v1/history/recent 304 22.063 ms
2026-06-03 14:48:25 [INFO]: [GET] /api/v1/history/recent 304 11.413 ms
2026-06-03 14:48:28 [INFO]: [GET] /api/v1/history?page=1&limit=10 304 66.913 ms
2026-06-03 14:48:28 [INFO]: [GET] /api/v1/history?page=1&limit=10 304 10.300 ms
2026-06-03 14:48:32 [INFO]: [GET] /api/v1/history/recent 304 6.165 ms
2026-06-03 14:48:32 [INFO]: [GET] /api/v1/history/recent 304 9.375 ms
2026-06-03 14:48:35 [INFO]: [GET] /api/v1/analysis/6a1fe8b08e73c4f0456e2d80 304 16.647 ms
2026-06-03 14:48:46 [INFO]: [GET] /api/v1/history/recent 304 42.258 ms
2026-06-03 14:48:46 [INFO]: [GET] /api/v1/history/recent 304 12.252 ms
2026-06-03 14:48:49 [INFO]: [POST] /api/v1/analysis/submit 202 31.532 ms
2026-06-03 14:48:49 [INFO]: Analysis 6a1ff1798e73c4f0456e2ea9 completed in 197ms
2026-06-03 14:48:51 [INFO]: [GET] /api/v1/analysis/6a1ff1798e73c4f0456e2ea9/status 200 12.915 ms
2026-06-03 14:48:51 [INFO]: [GET] /api/v1/analysis/6a1ff1798e73c4f0456e2ea9 200 16.322 ms
2026-06-03 14:48:53 [INFO]: [GET] /api/v1/reports 304 13.642 ms
2026-06-03 14:48:53 [INFO]: [GET] /api/v1/reports 304 8.333 ms
2026-06-03 14:50:27 [INFO]: [GET] /api/v1/history/recent 200 8.342 ms
2026-06-03 14:50:27 [INFO]: [GET] /api/v1/history/recent 304 6.769 ms
2026-06-03 14:50:27 [INFO]: [GET] /api/v1/history?page=1&limit=10 200 26.651 ms
2026-06-03 14:50:27 [INFO]: [GET] /api/v1/history?page=1&limit=10 304 9.000 ms
2026-06-03 14:50:29 [INFO]: [GET] /api/v1/reports 304 12.126 ms
2026-06-03 14:50:29 [INFO]: [GET] /api/v1/reports 304 20.014 ms
2026-06-03 14:52:04 [INFO]: [GET] /api/v1/history/recent 304 13.067 ms
2026-06-03 14:52:04 [INFO]: [GET] /api/v1/history/recent 304 14.968 ms
2026-06-03 14:52:09 [INFO]: [GET] /api/v1/history/recent 304 10.751 ms
2026-06-03 14:52:09 [INFO]: [GET] /api/v1/history/recent 304 9.644 ms
2026-06-03 14:52:14 [INFO]: [GET] /api/v1/analysis/6a1ff1798e73c4f0456e2ea9 304 11.492 ms
2026-06-03 14:52:28 [INFO]: [GET] /api/v1/reports 304 19.642 ms
2026-06-03 14:52:28 [INFO]: [GET] /api/v1/reports 304 21.266 ms
2026-06-03 14:52:32 [INFO]: [GET] /api/v1/history/recent 304 15.663 ms
2026-06-03 14:52:32 [INFO]: [GET] /api/v1/history/recent 304 16.232 ms
2026-06-03 14:52:35 [INFO]: [GET] /api/v1/analysis/6a1fefd48e73c4f0456e2e38 304 8.079 ms
2026-06-03 14:52:43 [INFO]: [POST] /api/v1/reports/save 201 104.278 ms
2026-06-03 14:52:45 [INFO]: [GET] /api/v1/reports 200 63.594 ms
2026-06-03 14:52:45 [INFO]: [GET] /api/v1/reports 304 13.480 ms
2026-06-03 14:52:50 [INFO]: [GET] /api/v1/reports/6a1ff1798e73c4f0456e2ea9/pdf 200 286.886 ms
2026-06-03 14:52:58 [INFO]: [GET] /api/v1/history/recent 304 12.351 ms
2026-06-03 14:52:58 [INFO]: [GET] /api/v1/history/recent 304 8.871 ms
2026-06-03 14:53:01 [INFO]: [GET] /api/v1/analysis/6a1ff1798e73c4f0456e2ea9 304 8.478 ms
2026-06-03 14:53:15 [INFO]: [GET] /api/v1/history/recent 304 11.808 ms
2026-06-03 14:53:15 [INFO]: [GET] /api/v1/history/recent 304 15.666 ms
2026-06-03 14:53:18 [INFO]: [GET] /api/v1/analysis/6a1ff1798e73c4f0456e2ea9 304 7.831 ms
2026-06-03 14:53:50 [INFO]: [GET] /api/v1/history/recent 304 8.227 ms
2026-06-03 14:53:50 [INFO]: [GET] /api/v1/history/recent 304 7.728 ms
2026-06-03 14:55:59 [INFO]: [GET] /api/v1/history/recent 304 83.657 ms
2026-06-03 14:55:59 [INFO]: [GET] /api/v1/history/recent 304 9.082 ms
2026-06-03 14:56:01 [INFO]: [GET] /api/v1/history?page=1&limit=10 304 54.375 ms
2026-06-03 14:56:01 [INFO]: [GET] /api/v1/history?page=1&limit=10 304 9.865 ms
2026-06-03 14:56:03 [INFO]: [GET] /api/v1/insights 200 17.419 ms
2026-06-03 14:56:03 [INFO]: [GET] /api/v1/insights 304 8.234 ms
2026-06-03 14:56:23 [INFO]: [GET] /api/v1/history?page=1&limit=10 304 18.550 ms
2026-06-03 14:56:23 [INFO]: [GET] /api/v1/history?page=1&limit=10 304 20.293 ms
2026-06-03 14:56:24 [INFO]: [GET] /api/v1/reports 200 37.612 ms
2026-06-03 14:56:24 [INFO]: [GET] /api/v1/reports 304 16.322 ms
2026-06-03 14:57:04 [INFO]: [PATCH] /api/v1/users/profile 200 52.545 ms
2026-06-03 14:57:34 [INFO]: [POST] /api/v1/auth/login 401 76.658 ms
2026-06-03 14:57:34 [INFO]: [POST] /api/v1/auth/refresh 401 0.767 ms
2026-06-03 14:58:02 [INFO]: [POST] /api/v1/auth/register 400 1.253 ms
2026-06-03 14:58:12 [INFO]: [POST] /api/v1/auth/register 201 402.849 ms
2026-06-03 14:58:12 [INFO]: [GET] /api/v1/history/recent 200 15.242 ms
2026-06-03 14:58:12 [INFO]: [GET] /api/v1/history/recent 304 34.917 ms
2026-06-03 14:58:16 [INFO]: [GET] /api/v1/reports 200 8.620 ms
2026-06-03 14:58:16 [INFO]: [GET] /api/v1/reports 304 9.951 ms
2026-06-03 15:00:10 [INFO]: [POST] /api/v1/auth/login 401 26.161 ms
2026-06-03 15:00:10 [INFO]: [POST] /api/v1/auth/refresh 401 2.649 ms
2026-06-03 15:00:54 [INFO]: [POST] /api/v1/auth/login 401 6.481 ms
2026-06-03 15:00:54 [INFO]: [POST] /api/v1/auth/refresh 401 0.406 ms
2026-06-03 15:01:14 [INFO]: [POST] /api/v1/auth/register 409 17.071 ms
2026-06-03 15:01:27 [INFO]: [POST] /api/v1/auth/login 200 357.472 ms
2026-06-03 15:01:27 [INFO]: [GET] /api/v1/history/recent 304 28.880 ms
2026-06-03 15:01:27 [INFO]: [GET] /api/v1/history/recent 304 9.361 ms
2026-06-03 15:02:02 [INFO]: [POST] /api/v1/analysis/submit 202 46.439 ms
2026-06-03 15:02:02 [INFO]: Analysis 6a1ff4928e73c4f0456e2f7c completed in 166ms
2026-06-03 15:02:04 [INFO]: [GET] /api/v1/analysis/6a1ff4928e73c4f0456e2f7c/status 200 9.978 ms
2026-06-03 15:02:04 [INFO]: [GET] /api/v1/analysis/6a1ff4928e73c4f0456e2f7c 200 15.342 ms
2026-06-03 15:02:11 [INFO]: [GET] /api/v1/reports 304 68.137 ms
2026-06-03 15:02:11 [INFO]: [GET] /api/v1/reports 304 9.888 ms
2026-06-03 15:02:13 [INFO]: [GET] /api/v1/history?page=1&limit=10 200 26.615 ms
2026-06-03 15:02:13 [INFO]: [GET] /api/v1/history?page=1&limit=10 304 15.417 ms
2026-06-03 15:02:14 [INFO]: [GET] /api/v1/analysis/6a1ff4928e73c4f0456e2f7c 304 14.676 ms
2026-06-03 15:02:19 [INFO]: [POST] /api/v1/reports/save 201 20.319 ms
2026-06-03 15:02:22 [INFO]: [GET] /api/v1/reports 200 22.685 ms
2026-06-03 15:02:22 [INFO]: [GET] /api/v1/reports 304 14.488 ms
2026-06-03 15:02:29 [INFO]: [GET] /api/v1/history/recent 200 70.674 ms
2026-06-03 15:02:29 [INFO]: [GET] /api/v1/history/recent 304 25.360 ms
2026-06-03 15:02:30 [INFO]: [GET] /api/v1/history?page=1&limit=10 304 44.758 ms
2026-06-03 15:02:30 [INFO]: [GET] /api/v1/history?page=1&limit=10 304 10.678 ms
2026-06-03 15:02:32 [INFO]: [GET] /api/v1/analysis/6a1ff4928e73c4f0456e2f7c 304 17.044 ms
2026-06-03 15:02:39 [INFO]: [GET] /api/v1/history/recent 304 16.588 ms
2026-06-03 15:02:39 [INFO]: [GET] /api/v1/history/recent 304 14.521 ms
2026-06-03 15:02:39 [INFO]: [GET] /api/v1/history?page=1&limit=10 304 12.229 ms
2026-06-03 15:02:39 [INFO]: [GET] /api/v1/history?page=1&limit=10 304 9.821 ms
2026-06-03 15:02:42 [INFO]: [GET] /api/v1/analysis/6a1ff4928e73c4f0456e2f7c 304 9.707 ms
2026-06-03 15:02:53 [INFO]: [GET] /api/v1/reports 304 26.263 ms
2026-06-03 15:02:53 [INFO]: [GET] /api/v1/reports 304 33.732 ms
2026-06-03 15:02:54 [INFO]: [GET] /api/v1/history?page=1&limit=10 304 25.831 ms
2026-06-03 15:02:54 [INFO]: [GET] /api/v1/history?page=1&limit=10 304 14.685 ms
2026-06-03 15:02:56 [INFO]: [GET] /api/v1/analysis/6a1ff4928e73c4f0456e2f7c 304 15.223 ms
2026-06-03 15:09:00 [INFO]: 🚀 Syntax API running on port 5000 [development]
2026-06-03 15:09:00 [INFO]:    Health: http://localhost:5000/health
2026-06-03 15:09:00 [INFO]: MongoDB connected: localhost
